// Jest Snapshot v1, https://goo.gl/fbAQLP

exports[`mvjp-color-chooser matches snapshot 1`] = `
<mvjp-color-chooser-field>
  <div class="active gb-white tile"></div>
</mvjp-color-chooser-field>
`;
