// Jest Snapshot v1, https://goo.gl/fbAQLP

exports[`mvjp-modal matches snapshot 1`] = `
<mvjp-modal>
  <mock:shadow-root></mock:shadow-root>
</mvjp-modal>
`;
