// Jest Snapshot v1, https://goo.gl/fbAQLP

exports[`mvjp-canvas-matrix matches snapshot 1`] = `
<mvjp-canvas-matrix>
  <mock:shadow-root>
    <div class="canvas-matrix-field">
      <div class="matrixRow">
        <mvjp-canvas-matrix-tile colour="1" showgrid="">
          <span>
            0_0
          </span>
        </mvjp-canvas-matrix-tile>
        <mvjp-canvas-matrix-tile colour="1" showgrid="">
          <span>
            0_1
          </span>
        </mvjp-canvas-matrix-tile>
        <mvjp-canvas-matrix-tile colour="1" showgrid="">
          <span>
            0_2
          </span>
        </mvjp-canvas-matrix-tile>
        <mvjp-canvas-matrix-tile colour="0" showgrid="">
          <span>
            0_3
          </span>
        </mvjp-canvas-matrix-tile>
        <mvjp-canvas-matrix-tile colour="1" showgrid="">
          <span>
            0_4
          </span>
        </mvjp-canvas-matrix-tile>
        <mvjp-canvas-matrix-tile colour="1" showgrid="">
          <span>
            0_5
          </span>
        </mvjp-canvas-matrix-tile>
        <mvjp-canvas-matrix-tile colour="1" showgrid="">
          <span>
            0_6
          </span>
        </mvjp-canvas-matrix-tile>
        <mvjp-canvas-matrix-tile colour="0" showgrid="">
          <span>
            0_7
          </span>
        </mvjp-canvas-matrix-tile>
      </div>
      <div class="matrixRow">
        <mvjp-canvas-matrix-tile colour="0" showgrid="">
          <span>
            1_0
          </span>
        </mvjp-canvas-matrix-tile>
        <mvjp-canvas-matrix-tile colour="0" showgrid="">
          <span>
            1_1
          </span>
        </mvjp-canvas-matrix-tile>
        <mvjp-canvas-matrix-tile colour="1" showgrid="">
          <span>
            1_2
          </span>
        </mvjp-canvas-matrix-tile>
        <mvjp-canvas-matrix-tile colour="0" showgrid="">
          <span>
            1_3
          </span>
        </mvjp-canvas-matrix-tile>
        <mvjp-canvas-matrix-tile colour="1" showgrid="">
          <span>
            1_4
          </span>
        </mvjp-canvas-matrix-tile>
        <mvjp-canvas-matrix-tile colour="0" showgrid="">
          <span>
            1_5
          </span>
        </mvjp-canvas-matrix-tile>
        <mvjp-canvas-matrix-tile colour="0" showgrid="">
          <span>
            1_6
          </span>
        </mvjp-canvas-matrix-tile>
        <mvjp-canvas-matrix-tile colour="1" showgrid="">
          <span>
            1_7
          </span>
        </mvjp-canvas-matrix-tile>
      </div>
      <div class="matrixRow">
        <mvjp-canvas-matrix-tile colour="0" showgrid="">
          <span>
            2_0
          </span>
        </mvjp-canvas-matrix-tile>
        <mvjp-canvas-matrix-tile colour="0" showgrid="">
          <span>
            2_1
          </span>
        </mvjp-canvas-matrix-tile>
        <mvjp-canvas-matrix-tile colour="1" showgrid="">
          <span>
            2_2
          </span>
        </mvjp-canvas-matrix-tile>
        <mvjp-canvas-matrix-tile colour="0" showgrid="">
          <span>
            2_3
          </span>
        </mvjp-canvas-matrix-tile>
        <mvjp-canvas-matrix-tile colour="1" showgrid="">
          <span>
            2_4
          </span>
        </mvjp-canvas-matrix-tile>
        <mvjp-canvas-matrix-tile colour="1" showgrid="">
          <span>
            2_5
          </span>
        </mvjp-canvas-matrix-tile>
        <mvjp-canvas-matrix-tile colour="1" showgrid="">
          <span>
            2_6
          </span>
        </mvjp-canvas-matrix-tile>
        <mvjp-canvas-matrix-tile colour="0" showgrid="">
          <span>
            2_7
          </span>
        </mvjp-canvas-matrix-tile>
      </div>
      <div class="matrixRow">
        <mvjp-canvas-matrix-tile colour="0" showgrid="">
          <span>
            3_0
          </span>
        </mvjp-canvas-matrix-tile>
        <mvjp-canvas-matrix-tile colour="0" showgrid="">
          <span>
            3_1
          </span>
        </mvjp-canvas-matrix-tile>
        <mvjp-canvas-matrix-tile colour="1" showgrid="">
          <span>
            3_2
          </span>
        </mvjp-canvas-matrix-tile>
        <mvjp-canvas-matrix-tile colour="0" showgrid="">
          <span>
            3_3
          </span>
        </mvjp-canvas-matrix-tile>
        <mvjp-canvas-matrix-tile colour="1" showgrid="">
          <span>
            3_4
          </span>
        </mvjp-canvas-matrix-tile>
        <mvjp-canvas-matrix-tile colour="0" showgrid="">
          <span>
            3_5
          </span>
        </mvjp-canvas-matrix-tile>
        <mvjp-canvas-matrix-tile colour="0" showgrid="">
          <span>
            3_6
          </span>
        </mvjp-canvas-matrix-tile>
        <mvjp-canvas-matrix-tile colour="0" showgrid="">
          <span>
            3_7
          </span>
        </mvjp-canvas-matrix-tile>
      </div>
      <div class="matrixRow">
        <mvjp-canvas-matrix-tile colour="0" showgrid="">
          <span>
            4_0
          </span>
        </mvjp-canvas-matrix-tile>
        <mvjp-canvas-matrix-tile colour="1" showgrid="">
          <span>
            4_1
          </span>
        </mvjp-canvas-matrix-tile>
        <mvjp-canvas-matrix-tile colour="1" showgrid="">
          <span>
            4_2
          </span>
        </mvjp-canvas-matrix-tile>
        <mvjp-canvas-matrix-tile colour="0" showgrid="">
          <span>
            4_3
          </span>
        </mvjp-canvas-matrix-tile>
        <mvjp-canvas-matrix-tile colour="1" showgrid="">
          <span>
            4_4
          </span>
        </mvjp-canvas-matrix-tile>
        <mvjp-canvas-matrix-tile colour="0" showgrid="">
          <span>
            4_5
          </span>
        </mvjp-canvas-matrix-tile>
        <mvjp-canvas-matrix-tile colour="0" showgrid="">
          <span>
            4_6
          </span>
        </mvjp-canvas-matrix-tile>
        <mvjp-canvas-matrix-tile colour="0" showgrid="">
          <span>
            4_7
          </span>
        </mvjp-canvas-matrix-tile>
      </div>
      <div class="matrixRow">
        <mvjp-canvas-matrix-tile colour="1" showgrid="">
          <span>
            5_0
          </span>
        </mvjp-canvas-matrix-tile>
        <mvjp-canvas-matrix-tile colour="0" showgrid="">
          <span>
            5_1
          </span>
        </mvjp-canvas-matrix-tile>
        <mvjp-canvas-matrix-tile colour="1" showgrid="">
          <span>
            5_2
          </span>
        </mvjp-canvas-matrix-tile>
        <mvjp-canvas-matrix-tile colour="0" showgrid="">
          <span>
            5_3
          </span>
        </mvjp-canvas-matrix-tile>
        <mvjp-canvas-matrix-tile colour="1" showgrid="">
          <span>
            5_4
          </span>
        </mvjp-canvas-matrix-tile>
        <mvjp-canvas-matrix-tile colour="0" showgrid="">
          <span>
            5_5
          </span>
        </mvjp-canvas-matrix-tile>
        <mvjp-canvas-matrix-tile colour="0" showgrid="">
          <span>
            5_6
          </span>
        </mvjp-canvas-matrix-tile>
        <mvjp-canvas-matrix-tile colour="0" showgrid="">
          <span>
            5_7
          </span>
        </mvjp-canvas-matrix-tile>
      </div>
      <div class="matrixRow">
        <mvjp-canvas-matrix-tile colour="0" showgrid="">
          <span>
            6_0
          </span>
        </mvjp-canvas-matrix-tile>
        <mvjp-canvas-matrix-tile colour="1" showgrid="">
          <span>
            6_1
          </span>
        </mvjp-canvas-matrix-tile>
        <mvjp-canvas-matrix-tile colour="0" showgrid="">
          <span>
            6_2
          </span>
        </mvjp-canvas-matrix-tile>
        <mvjp-canvas-matrix-tile colour="0" showgrid="">
          <span>
            6_3
          </span>
        </mvjp-canvas-matrix-tile>
        <mvjp-canvas-matrix-tile colour="1" showgrid="">
          <span>
            6_4
          </span>
        </mvjp-canvas-matrix-tile>
        <mvjp-canvas-matrix-tile colour="0" showgrid="">
          <span>
            6_5
          </span>
        </mvjp-canvas-matrix-tile>
        <mvjp-canvas-matrix-tile colour="0" showgrid="">
          <span>
            6_6
          </span>
        </mvjp-canvas-matrix-tile>
        <mvjp-canvas-matrix-tile colour="0" showgrid="">
          <span>
            6_7
          </span>
        </mvjp-canvas-matrix-tile>
      </div>
      <div class="matrixRow">
        <mvjp-canvas-matrix-tile colour="0" showgrid="">
          <span>
            7_0
          </span>
        </mvjp-canvas-matrix-tile>
        <mvjp-canvas-matrix-tile colour="0" showgrid="">
          <span>
            7_1
          </span>
        </mvjp-canvas-matrix-tile>
        <mvjp-canvas-matrix-tile colour="0" showgrid="">
          <span>
            7_2
          </span>
        </mvjp-canvas-matrix-tile>
        <mvjp-canvas-matrix-tile colour="0" showgrid="">
          <span>
            7_3
          </span>
        </mvjp-canvas-matrix-tile>
        <mvjp-canvas-matrix-tile colour="0" showgrid="">
          <span>
            7_4
          </span>
        </mvjp-canvas-matrix-tile>
        <mvjp-canvas-matrix-tile colour="0" showgrid="">
          <span>
            7_5
          </span>
        </mvjp-canvas-matrix-tile>
        <mvjp-canvas-matrix-tile colour="0" showgrid="">
          <span>
            7_6
          </span>
        </mvjp-canvas-matrix-tile>
        <mvjp-canvas-matrix-tile colour="0" showgrid="">
          <span>
            7_7
          </span>
        </mvjp-canvas-matrix-tile>
      </div>
    </div>
  </mock:shadow-root>
</mvjp-canvas-matrix>
`;
